error: unexpected end of input, expected one of: `type`, parentheses, `#`, `where`
  --> $DIR/empty_for_tuples.rs:12:20
   |
12 |         for_tuples!()
   |                    ^^
